// Jest Snapshot v1, https://goo.gl/fbAQLP

exports[`render ContactSupport screen correctly 1`] = `
<View
  style={
    Array [
      Object {
        "backgroundColor": "#ffffff",
      },
      Object {
        "flex": 1,
      },
      Object {
        "paddingBottom": 10,
        "paddingTop": 0,
      },
    ]
  }
>
  <View
    accessible={true}
    focusable={true}
    onClick={[Function]}
    onResponderGrant={[Function]}
    onResponderMove={[Function]}
    onResponderRelease={[Function]}
    onResponderTerminate={[Function]}
    onResponderTerminationRequest={[Function]}
    onStartShouldSetResponder={[Function]}
    style={
      Object {
        "flex": 1,
        "marginHorizontal": 20,
      }
    }
  >
    <View
      style={
        Array [
          Object {
            "marginBottom": 25,
          },
          undefined,
        ]
      }
    >
      <View
        style={
          Array [
            Object {
              "flexDirection": "row",
            },
            undefined,
            Object {
              "justifyContent": "space-between",
            },
          ]
        }
      >
        <If
          condition={true}
        >
          <View
            accessible={true}
            focusable={true}
            isTVSelectable={true}
            onClick={[Function]}
            onResponderGrant={[Function]}
            onResponderMove={[Function]}
            onResponderRelease={[Function]}
            onResponderTerminate={[Function]}
            onResponderTerminationRequest={[Function]}
            onStartShouldSetResponder={[Function]}
            style={
              Object {
                "marginBottom": 25,
                "marginTop": 10,
                "opacity": 1,
              }
            }
          >
            <Image />
          </View>
        </If>
        <If>
          <View
            accessible={true}
            focusable={true}
            isTVSelectable={true}
            onClick={[Function]}
            onResponderGrant={[Function]}
            onResponderMove={[Function]}
            onResponderRelease={[Function]}
            onResponderTerminate={[Function]}
            onResponderTerminationRequest={[Function]}
            onStartShouldSetResponder={[Function]}
            style={
              Object {
                "marginTop": 10,
                "opacity": 1,
              }
            }
          >
            <Image />
          </View>
        </If>
      </View>
      <If
        condition={false}
      >
        <View
          style={
            Object {
              "marginTop": 48,
            }
          }
        />
      </If>
      <Text
        style={
          Array [
            Object {
              "fontSize": 15,
            },
            undefined,
            undefined,
            undefined,
            undefined,
            undefined,
            undefined,
            undefined,
            Array [
              Object {
                "color": "#293043",
                "fontWeight": "500",
              },
              Object {
                "fontSize": 24,
              },
            ],
          ]
        }
      >
        Contact support
      </Text>
    </View>
    <View>
      <If
        condition=""
      >
        <Text
          caption={true}
          style={
            Array [
              Object {
                "fontSize": 15,
              },
              undefined,
              undefined,
              undefined,
              undefined,
              undefined,
              undefined,
              undefined,
              Array [
                Object {
                  "fontSize": 12,
                },
                Object {
                  "color": "#b3b3b3",
                },
              ],
            ]
          }
        >
          Your Email
        </Text>
      </If>
      <View
        centered={true}
        style={
          Array [
            Object {
              "flexDirection": "row",
            },
            Object {
              "alignItems": "center",
            },
            undefined,
          ]
        }
      >
        <If>
          <Text
            style={
              Array [
                Object {
                  "fontSize": 15,
                },
                undefined,
                undefined,
                undefined,
                undefined,
                undefined,
                undefined,
                undefined,
                undefined,
              ]
            }
          />
        </If>
        <TextInput
          allowFontScaling={true}
          autoCapitalize="none"
          autoCompleteType="email"
          keyboardType="email-address"
          onBlur={[Function]}
          onChangeText={[Function]}
          onFocus={[Function]}
          placeholder="Your Email"
          rejectResponderTermination={true}
          style={
            Array [
              Object {
                "flex": 1,
                "minHeight": 40,
              },
              null,
              undefined,
              Object {
                "color": "black",
              },
            ]
          }
          underlineColorAndroid="#0000"
        />
      </View>
      <If>
        <View
          pointerEvents="box-none"
          style={
            Array [
              Object {
                "bottom": 0,
                "left": 0,
                "position": "absolute",
                "right": 0,
                "top": 0,
              },
              undefined,
              undefined,
            ]
          }
        >
          <View
            accessible={true}
            focusable={false}
            isTVSelectable={true}
            onClick={[Function]}
            onResponderGrant={[Function]}
            onResponderMove={[Function]}
            onResponderRelease={[Function]}
            onResponderTerminate={[Function]}
            onResponderTerminationRequest={[Function]}
            onStartShouldSetResponder={[Function]}
            style={
              Object {
                "flex": 1,
                "opacity": 1,
              }
            }
          />
        </View>
      </If>
      <If
        condition={true}
      >
        <View
          style={
            Array [
              Object {
                "backgroundColor": "#e5e5e5",
              },
              Object {
                "height": 0.5,
              },
            ]
          }
        />
      </If>
      <If>
        <Text
          caption={true}
          secondary={true}
          style={
            Array [
              Object {
                "fontSize": 15,
              },
              undefined,
              Object {
                "color": "#B7C3CF",
              },
              undefined,
              undefined,
              undefined,
              undefined,
              undefined,
              Object {
                "marginTop": 8,
              },
            ]
          }
        />
      </If>
      <If>
        <View
          pointerEvents="box-none"
          style={
            Array [
              Object {
                "bottom": 0,
                "left": 0,
                "position": "absolute",
                "right": 0,
                "top": 0,
              },
              undefined,
              Object {
                "alignItems": "flex-end",
                "justifyContent": "center",
              },
            ]
          }
        >
          <View
            accessible={true}
            focusable={false}
            isTVSelectable={true}
            onClick={[Function]}
            onResponderGrant={[Function]}
            onResponderMove={[Function]}
            onResponderRelease={[Function]}
            onResponderTerminate={[Function]}
            onResponderTerminationRequest={[Function]}
            onStartShouldSetResponder={[Function]}
            style={
              Object {
                "alignItems": "center",
                "height": 30,
                "justifyContent": "center",
                "opacity": 1,
                "width": 30,
              }
            }
          >
            <Image
              style={
                Array [
                  undefined,
                ]
              }
            />
          </View>
        </View>
      </If>
    </View>
    <View
      style={
        Object {
          "flex": 1,
          "marginTop": 10,
        }
      }
    >
      <If
        condition=""
      >
        <Text
          caption={true}
          style={
            Array [
              Object {
                "fontSize": 15,
              },
              undefined,
              undefined,
              undefined,
              undefined,
              undefined,
              undefined,
              undefined,
              Array [
                Object {
                  "fontSize": 12,
                },
                Object {
                  "color": "#b3b3b3",
                },
              ],
            ]
          }
        >
          Message
        </Text>
      </If>
      <View
        centered={true}
        style={
          Array [
            Object {
              "flexDirection": "row",
            },
            Object {
              "alignItems": "center",
            },
            undefined,
          ]
        }
      >
        <If>
          <Text
            style={
              Array [
                Object {
                  "fontSize": 15,
                },
                undefined,
                undefined,
                undefined,
                undefined,
                undefined,
                undefined,
                undefined,
                undefined,
              ]
            }
          />
        </If>
        <TextInput
          allowFontScaling={true}
          multiline={true}
          onBlur={[Function]}
          onChangeText={[Function]}
          onFocus={[Function]}
          placeholder="Message"
          rejectResponderTermination={true}
          style={
            Array [
              Object {
                "flex": 1,
                "minHeight": 40,
              },
              Object {
                "paddingTop": 12,
              },
              undefined,
              Object {
                "color": "black",
              },
            ]
          }
          underlineColorAndroid="#0000"
          value=""
        />
      </View>
      <If>
        <View
          pointerEvents="box-none"
          style={
            Array [
              Object {
                "bottom": 0,
                "left": 0,
                "position": "absolute",
                "right": 0,
                "top": 0,
              },
              undefined,
              undefined,
            ]
          }
        >
          <View
            accessible={true}
            focusable={false}
            isTVSelectable={true}
            onClick={[Function]}
            onResponderGrant={[Function]}
            onResponderMove={[Function]}
            onResponderRelease={[Function]}
            onResponderTerminate={[Function]}
            onResponderTerminationRequest={[Function]}
            onStartShouldSetResponder={[Function]}
            style={
              Object {
                "flex": 1,
                "opacity": 1,
              }
            }
          />
        </View>
      </If>
      <If
        condition={true}
      >
        <View
          style={
            Array [
              Object {
                "backgroundColor": "#e5e5e5",
              },
              Object {
                "height": 0.5,
              },
            ]
          }
        />
      </If>
      <If>
        <Text
          caption={true}
          secondary={true}
          style={
            Array [
              Object {
                "fontSize": 15,
              },
              undefined,
              Object {
                "color": "#B7C3CF",
              },
              undefined,
              undefined,
              undefined,
              undefined,
              undefined,
              Object {
                "marginTop": 8,
              },
            ]
          }
        />
      </If>
      <If>
        <View
          pointerEvents="box-none"
          style={
            Array [
              Object {
                "bottom": 0,
                "left": 0,
                "position": "absolute",
                "right": 0,
                "top": 0,
              },
              undefined,
              Object {
                "alignItems": "flex-end",
                "justifyContent": "center",
              },
            ]
          }
        >
          <View
            accessible={true}
            focusable={false}
            isTVSelectable={true}
            onClick={[Function]}
            onResponderGrant={[Function]}
            onResponderMove={[Function]}
            onResponderRelease={[Function]}
            onResponderTerminate={[Function]}
            onResponderTerminationRequest={[Function]}
            onStartShouldSetResponder={[Function]}
            style={
              Object {
                "alignItems": "center",
                "height": 30,
                "justifyContent": "center",
                "opacity": 1,
                "width": 30,
              }
            }
          >
            <Image
              style={
                Array [
                  undefined,
                ]
              }
            />
          </View>
        </View>
      </If>
    </View>
    <View
      style={
        Object {
          "height": "40%",
        }
      }
    />
  </View>
</View>
`;
