// Jest Snapshot v1, https://goo.gl/fbAQLP

exports[`render Notifications screen correctly 1`] = `
<View
  style={
    Array [
      Object {
        "backgroundColor": "#ffffff",
      },
      Object {
        "flex": 1,
      },
      Object {
        "paddingBottom": 10,
        "paddingTop": 0,
      },
    ]
  }
>
  <View
    style={
      Array [
        Object {
          "marginBottom": 25,
        },
        Object {
          "marginBottom": 20,
          "paddingHorizontal": 20,
        },
      ]
    }
  >
    <View
      style={
        Array [
          Object {
            "flexDirection": "row",
          },
          undefined,
          Object {
            "justifyContent": "space-between",
          },
        ]
      }
    >
      <If
        condition={true}
      >
        <View
          accessible={true}
          focusable={true}
          isTVSelectable={true}
          onClick={[Function]}
          onResponderGrant={[Function]}
          onResponderMove={[Function]}
          onResponderRelease={[Function]}
          onResponderTerminate={[Function]}
          onResponderTerminationRequest={[Function]}
          onStartShouldSetResponder={[Function]}
          style={
            Object {
              "marginBottom": 25,
              "marginTop": 10,
              "opacity": 1,
            }
          }
        >
          <Image />
        </View>
      </If>
      <If>
        <View
          accessible={true}
          focusable={false}
          isTVSelectable={true}
          onClick={[Function]}
          onResponderGrant={[Function]}
          onResponderMove={[Function]}
          onResponderRelease={[Function]}
          onResponderTerminate={[Function]}
          onResponderTerminationRequest={[Function]}
          onStartShouldSetResponder={[Function]}
          style={
            Object {
              "marginTop": 10,
              "opacity": 1,
            }
          }
        >
          <Image />
        </View>
      </If>
    </View>
    <If
      condition={false}
    >
      <View
        style={
          Object {
            "marginTop": 48,
          }
        }
      />
    </If>
    <Text
      style={
        Array [
          Object {
            "fontSize": 15,
          },
          undefined,
          undefined,
          undefined,
          undefined,
          undefined,
          undefined,
          undefined,
          Array [
            Object {
              "color": "#293043",
              "fontWeight": "500",
            },
            Object {
              "fontSize": 24,
            },
          ],
        ]
      }
    >
      Messages
    </Text>
  </View>
  <RCTScrollView
    disableVirtualization={false}
    getItem={[Function]}
    getItemCount={[Function]}
    horizontal={false}
    initialNumToRender={10}
    keyExtractor={[Function]}
    maxToRenderPerBatch={10}
    numColumns={1}
    onContentSizeChange={[Function]}
    onEndReachedThreshold={2}
    onLayout={[Function]}
    onMomentumScrollEnd={[Function]}
    onScroll={[Function]}
    onScrollBeginDrag={[Function]}
    onScrollEndDrag={[Function]}
    removeClippedSubviews={false}
    renderItem={[Function]}
    scrollEventThrottle={20}
    stickyHeaderIndices={Array []}
    updateCellsBatchingPeriod={50}
    viewabilityConfigCallbackPairs={Array []}
    windowSize={21}
  >
    <View />
  </RCTScrollView>
</View>
`;
