// Jest Snapshot v1, https://goo.gl/fbAQLP

exports[`render TimeFormats screen correctly 1`] = `
<View
  style={
    Array [
      Object {
        "backgroundColor": "#ffffff",
      },
      Object {
        "flex": 1,
        "paddingHorizontal": 20,
      },
      Object {
        "paddingBottom": 10,
        "paddingTop": 0,
      },
    ]
  }
>
  <View
    style={
      Array [
        Object {
          "marginBottom": 25,
        },
        undefined,
      ]
    }
  >
    <View
      style={
        Array [
          Object {
            "flexDirection": "row",
          },
          undefined,
          Object {
            "justifyContent": "space-between",
          },
        ]
      }
    >
      <If
        condition={true}
      >
        <View
          accessible={true}
          focusable={true}
          isTVSelectable={true}
          onClick={[Function]}
          onResponderGrant={[Function]}
          onResponderMove={[Function]}
          onResponderRelease={[Function]}
          onResponderTerminate={[Function]}
          onResponderTerminationRequest={[Function]}
          onStartShouldSetResponder={[Function]}
          style={
            Object {
              "marginBottom": 25,
              "marginTop": 10,
              "opacity": 1,
            }
          }
        >
          <Image />
        </View>
      </If>
      <If>
        <View
          accessible={true}
          focusable={false}
          isTVSelectable={true}
          onClick={[Function]}
          onResponderGrant={[Function]}
          onResponderMove={[Function]}
          onResponderRelease={[Function]}
          onResponderTerminate={[Function]}
          onResponderTerminationRequest={[Function]}
          onStartShouldSetResponder={[Function]}
          style={
            Object {
              "marginTop": 10,
              "opacity": 1,
            }
          }
        >
          <Image />
        </View>
      </If>
    </View>
    <If
      condition={false}
    >
      <View
        style={
          Object {
            "marginTop": 48,
          }
        }
      />
    </If>
    <Text
      style={
        Array [
          Object {
            "fontSize": 15,
          },
          undefined,
          undefined,
          undefined,
          undefined,
          undefined,
          undefined,
          undefined,
          Array [
            Object {
              "color": "#293043",
              "fontWeight": "500",
            },
            Object {
              "fontSize": 24,
            },
          ],
        ]
      }
    >
      Arrival time display format
    </Text>
  </View>
  <View>
    <View
      style={
        Array [
          Object {
            "backgroundColor": "#e5e5e5",
            "height": 1,
          },
          undefined,
        ]
      }
    />
    <View
      accessible={true}
      focusable={true}
      isTVSelectable={true}
      onClick={[Function]}
      onResponderGrant={[Function]}
      onResponderMove={[Function]}
      onResponderRelease={[Function]}
      onResponderTerminate={[Function]}
      onResponderTerminationRequest={[Function]}
      onStartShouldSetResponder={[Function]}
      style={
        Object {
          "alignItems": "center",
          "flexDirection": "row",
          "justifyContent": "space-between",
          "opacity": 1,
          "paddingVertical": 20,
        }
      }
    >
      <Text
        style={
          Array [
            Object {
              "fontSize": 15,
            },
            undefined,
            undefined,
            undefined,
            undefined,
            undefined,
            undefined,
            undefined,
            undefined,
          ]
        }
      >
        MM min  (12 min)
      </Text>
      <If
        condition={true}
      >
        <Image
          style={
            Object {
              "alignSelf": "flex-end",
              "height": 18,
              "width": 18,
            }
          }
        />
      </If>
    </View>
  </View>
  <View>
    <View
      style={
        Array [
          Object {
            "backgroundColor": "#e5e5e5",
            "height": 1,
          },
          undefined,
        ]
      }
    />
    <View
      accessible={true}
      focusable={true}
      isTVSelectable={true}
      onClick={[Function]}
      onResponderGrant={[Function]}
      onResponderMove={[Function]}
      onResponderRelease={[Function]}
      onResponderTerminate={[Function]}
      onResponderTerminationRequest={[Function]}
      onStartShouldSetResponder={[Function]}
      style={
        Object {
          "alignItems": "center",
          "flexDirection": "row",
          "justifyContent": "space-between",
          "opacity": 1,
          "paddingVertical": 20,
        }
      }
    >
      <Text
        style={
          Array [
            Object {
              "fontSize": 15,
            },
            undefined,
            undefined,
            undefined,
            undefined,
            undefined,
            undefined,
            undefined,
            undefined,
          ]
        }
      >
        at H : MM  (at 12.00)
      </Text>
      <If
        condition={false}
      >
        <Image
          style={
            Object {
              "alignSelf": "flex-end",
              "height": 18,
              "width": 18,
            }
          }
        />
      </If>
    </View>
  </View>
  <View
    style={
      Array [
        Object {
          "backgroundColor": "#e5e5e5",
          "height": 1,
        },
        undefined,
      ]
    }
  />
</View>
`;
